V3 3
FL /home/liangyongning/mypro/Stardust/Stardust/cpu_top.vhd 2018/01/05.11:04:24 P.20131013
EN work/cpu_top 1515305652 \
      FL /home/liangyongning/mypro/Stardust/Stardust/cpu_top.vhd \
      PB ieee/std_logic_1164 1381692176 PB ieee/std_logic_arith 1381692177 \
      PB ieee/STD_LOGIC_UNSIGNED 1381692179
AR work/cpu_top/Behavioral 1515305653 \
      FL /home/liangyongning/mypro/Stardust/Stardust/cpu_top.vhd EN work/cpu_top 1515305652
